// Jest Snapshot v1, https://goo.gl/fbAQLP

exports[`TestsDetail should render correctly 1`] = `
"
<div class=\\"MuiGrid-root MuiGrid-container\\"
     style=\\"display: flex;\\"
>
  <div class=\\"MuiFormControl-root MuiTextField-root\\"
       style=\\"width: 50%;\\"
  >
    <label class=\\"MuiFormLabel-root MuiFormLabel-colorSecondary MuiInputLabel-root MuiInputLabel-formControl MuiInputLabel-animated MuiInputLabel-shrink MuiInputLabel-outlined MuiFormLabel-filled\\"
           data-shrink=\\"true\\"
           for=\\"outlined-secondary\\"
           id=\\"outlined-secondary-label\\"
    >
      Filter
    </label>
    <div class=\\"MuiInputBase-root MuiOutlinedInput-root MuiInputBase-colorSecondary MuiOutlinedInput-colorSecondary MuiInputBase-formControl\\">
      <input aria-invalid=\\"false\\"
             id=\\"outlined-secondary\\"
             type=\\"text\\"
             class=\\"MuiInputBase-input MuiOutlinedInput-input\\"
             value=\\"Kubernetes APIs remain available\\"
      >
      <fieldset aria-hidden=\\"true\\"
                class=\\"PrivateNotchedOutline-root-2 MuiOutlinedInput-notchedOutline\\"
      >
        <legend class=\\"PrivateNotchedOutline-legendLabelled-4 PrivateNotchedOutline-legendNotched-5\\">
          <span>
            Filter
          </span>
        </legend>
      </fieldset>
    </div>
  </div>
  &nbsp;&nbsp;
  <button class=\\"MuiButtonBase-root MuiButton-root MuiButton-contained MuiButton-containedSecondary\\"
          tabindex=\\"0\\"
          type=\\"button\\"
  >
    <span class=\\"MuiButton-label\\">
      Search
    </span>
    <span class=\\"MuiTouchRipple-root\\">
    </span>
  </button>
</div>
<div class=\\"view\\"
     width=\\"100%\\"
>
  <h4 class=\\"MuiTypography-root MuiTypography-h4\\"
      style=\\"margin: 20px; text-align: center;\\"
  >
  </h4>
  <div class=\\"MuiTableContainer-root wrapper\\">
    <table class=\\"MuiTable-root test-variant-table\\">
      <thead class=\\"MuiTableHead-root\\">
        <tr class=\\"MuiTableRow-root MuiTableRow-head\\">
          <th class=\\"MuiTableCell-root MuiTableCell-head col-name \\"
              scope=\\"col\\"
          >
            <div class=\\"MuiFormGroup-root MuiFormGroup-row\\">
              <label class=\\"MuiFormControlLabel-root\\">
                <span class=\\"MuiSwitch-root\\">
                  <span class=\\"MuiButtonBase-root MuiIconButton-root PrivateSwitchBase-root-6 MuiSwitch-switchBase MuiSwitch-colorSecondary\\"
                        aria-disabled=\\"false\\"
                  >
                    <span class=\\"MuiIconButton-label\\">
                      <input class=\\"PrivateSwitchBase-input-9 MuiSwitch-input\\"
                             name=\\"showFull\\"
                             type=\\"checkbox\\"
                             value
                      >
                      <span class=\\"MuiSwitch-thumb\\">
                      </span>
                    </span>
                    <span class=\\"MuiTouchRipple-root\\">
                    </span>
                  </span>
                  <span class=\\"MuiSwitch-track\\">
                  </span>
                </span>
                <span class=\\"MuiTypography-root MuiFormControlLabel-label MuiTypography-body1\\">
                  Show Full
                </span>
              </label>
            </div>
          </th>
          <th class=\\"MuiTableCell-root MuiTableCell-head col-result\\"
              scope=\\"col\\"
          >
            aws
          </th>
          <th class=\\"MuiTableCell-root MuiTableCell-head col-result\\"
              scope=\\"col\\"
          >
            azure
          </th>
          <th class=\\"MuiTableCell-root MuiTableCell-head col-result\\"
              scope=\\"col\\"
          >
            compact
          </th>
          <th class=\\"MuiTableCell-root MuiTableCell-head col-result\\"
              scope=\\"col\\"
          >
            gcp
          </th>
          <th class=\\"MuiTableCell-root MuiTableCell-head col-result\\"
              scope=\\"col\\"
          >
            metal-ipi
          </th>
          <th class=\\"MuiTableCell-root MuiTableCell-head col-result\\"
              scope=\\"col\\"
          >
            ovirt
          </th>
          <th class=\\"MuiTableCell-root MuiTableCell-head col-result\\"
              scope=\\"col\\"
          >
            ovn
          </th>
          <th class=\\"MuiTableCell-root MuiTableCell-head col-result\\"
              scope=\\"col\\"
          >
            ppc64le
          </th>
          <th class=\\"MuiTableCell-root MuiTableCell-head col-result\\"
              scope=\\"col\\"
          >
            s390x
          </th>
          <th class=\\"MuiTableCell-root MuiTableCell-head col-result\\"
              scope=\\"col\\"
          >
            upgrade
          </th>
          <th class=\\"MuiTableCell-root MuiTableCell-head col-result\\"
              scope=\\"col\\"
          >
            vsphere-ipi
          </th>
        </tr>
      </thead>
      <tbody class=\\"MuiTableBody-root\\">
        <tr class=\\"MuiTableRow-root\\">
          <td class=\\"MuiTableCell-root MuiTableCell-body cell-name\\">
            <p class=\\"MuiTypography-root cell-name MuiTypography-body1\\"
               title=\\"[sig-api-machinery] Kubernetes APIs remain available for new connections\\"
            >
              <a href=\\"/tests/4.8?filters=('items![('id!99~columnField!'name'~operatorValue!'equals'~value!'[sig-api-machinery] Kubernetes APIs remain available for new connections')])_\\">
                [sig-api-machinery] Kubernetes APIs remain available for new connections
              </a>
            </p>
          </td>
          <td class=\\"MuiTableCell-root MuiTableCell-body cell-result\\"
              style=\\"text-align: center; background-color: rgb(129, 199, 132);\\"
          >
            <svg class=\\"MuiSvgIcon-root\\"
                 focusable=\\"false\\"
                 viewbox=\\"0 0 24 24\\"
                 aria-hidden=\\"true\\"
                 data-icon=\\"SyncAltRoundedIcon\\"
                 style=\\"color: grey;\\"
            >
              <path d=\\"M21.65 7.65l-2.79-2.79c-.32-.32-.86-.1-.86.35V7H4c-.55 0-1 .45-1 1s.45 1 1 1h14v1.79c0 .45.54.67.85.35l2.79-2.79c.2-.19.2-.51.01-.7zM2.35 16.35l2.79 2.79c.32.32.86.1.86-.35V17h14c.55 0 1-.45 1-1s-.45-1-1-1H6v-1.79c0-.45-.54-.67-.85-.35l-2.79 2.79c-.2.19-.2.51-.01.7z\\">
              </path>
            </svg>
          </td>
          <td class=\\"MuiTableCell-root MuiTableCell-body cell-result\\"
              style=\\"text-align: center; background-color: rgb(129, 199, 132);\\"
          >
            <svg class=\\"MuiSvgIcon-root\\"
                 focusable=\\"false\\"
                 viewbox=\\"0 0 24 24\\"
                 aria-hidden=\\"true\\"
                 data-icon=\\"ArrowUpwardRoundedIcon\\"
                 style=\\"stroke: green; stroke-width: 3; color: green;\\"
            >
              <path d=\\"M13 19V7.83l4.88 4.88c.39.39 1.03.39 1.42 0 .39-.39.39-1.02 0-1.41l-6.59-6.59a.9959.9959 0 00-1.41 0l-6.6 6.58c-.39.39-.39 1.02 0 1.41.39.39 1.02.39 1.41 0L11 7.83V19c0 .55.45 1 1 1s1-.45 1-1z\\">
              </path>
            </svg>
          </td>
          <td class=\\"MuiTableCell-root MuiTableCell-body cell-result\\"
              style=\\"text-align: center; background-color: rgb(129, 199, 132);\\"
          >
            <svg class=\\"MuiSvgIcon-root\\"
                 focusable=\\"false\\"
                 viewbox=\\"0 0 24 24\\"
                 aria-hidden=\\"true\\"
                 data-icon=\\"ArrowUpwardRoundedIcon\\"
                 style=\\"stroke: green; stroke-width: 3; color: green;\\"
            >
              <path d=\\"M13 19V7.83l4.88 4.88c.39.39 1.03.39 1.42 0 .39-.39.39-1.02 0-1.41l-6.59-6.59a.9959.9959 0 00-1.41 0l-6.6 6.58c-.39.39-.39 1.02 0 1.41.39.39 1.02.39 1.41 0L11 7.83V19c0 .55.45 1 1 1s1-.45 1-1z\\">
              </path>
            </svg>
          </td>
          <td class=\\"MuiTableCell-root MuiTableCell-body cell-result\\"
              style=\\"text-align: center; background-color: rgb(143, 197, 126);\\"
          >
            <svg class=\\"MuiSvgIcon-root\\"
                 focusable=\\"false\\"
                 viewbox=\\"0 0 24 24\\"
                 aria-hidden=\\"true\\"
                 data-icon=\\"ArrowUpwardRoundedIcon\\"
                 style=\\"stroke: green; stroke-width: 3; color: green;\\"
            >
              <path d=\\"M13 19V7.83l4.88 4.88c.39.39 1.03.39 1.42 0 .39-.39.39-1.02 0-1.41l-6.59-6.59a.9959.9959 0 00-1.41 0l-6.6 6.58c-.39.39-.39 1.02 0 1.41.39.39 1.02.39 1.41 0L11 7.83V19c0 .55.45 1 1 1s1-.45 1-1z\\">
              </path>
            </svg>
          </td>
          <td class=\\"MuiTableCell-root MuiTableCell-body cell-result\\"
              style=\\"text-align: center; background-color: rgb(129, 199, 132);\\"
          >
            <svg class=\\"MuiSvgIcon-root\\"
                 focusable=\\"false\\"
                 viewbox=\\"0 0 24 24\\"
                 aria-hidden=\\"true\\"
                 data-icon=\\"SyncAltRoundedIcon\\"
                 style=\\"color: grey;\\"
            >
              <path d=\\"M21.65 7.65l-2.79-2.79c-.32-.32-.86-.1-.86.35V7H4c-.55 0-1 .45-1 1s.45 1 1 1h14v1.79c0 .45.54.67.85.35l2.79-2.79c.2-.19.2-.51.01-.7zM2.35 16.35l2.79 2.79c.32.32.86.1.86-.35V17h14c.55 0 1-.45 1-1s-.45-1-1-1H6v-1.79c0-.45-.54-.67-.85-.35l-2.79 2.79c-.2.19-.2.51-.01.7z\\">
              </path>
            </svg>
          </td>
          <td class=\\"MuiTableCell-root MuiTableCell-body cell-result\\"
              style=\\"text-align: center; background-color: rgb(129, 199, 132);\\"
          >
            <svg class=\\"MuiSvgIcon-root\\"
                 focusable=\\"false\\"
                 viewbox=\\"0 0 24 24\\"
                 aria-hidden=\\"true\\"
                 data-icon=\\"SyncAltRoundedIcon\\"
                 style=\\"color: grey;\\"
            >
              <path d=\\"M21.65 7.65l-2.79-2.79c-.32-.32-.86-.1-.86.35V7H4c-.55 0-1 .45-1 1s.45 1 1 1h14v1.79c0 .45.54.67.85.35l2.79-2.79c.2-.19.2-.51.01-.7zM2.35 16.35l2.79 2.79c.32.32.86.1.86-.35V17h14c.55 0 1-.45 1-1s-.45-1-1-1H6v-1.79c0-.45-.54-.67-.85-.35l-2.79 2.79c-.2.19-.2.51-.01.7z\\">
              </path>
            </svg>
          </td>
          <td class=\\"MuiTableCell-root MuiTableCell-body cell-result\\"
              style=\\"text-align: center; background-color: rgb(129, 199, 132);\\"
          >
            <svg class=\\"MuiSvgIcon-root\\"
                 focusable=\\"false\\"
                 viewbox=\\"0 0 24 24\\"
                 aria-hidden=\\"true\\"
                 data-icon=\\"SyncAltRoundedIcon\\"
                 style=\\"color: grey;\\"
            >
              <path d=\\"M21.65 7.65l-2.79-2.79c-.32-.32-.86-.1-.86.35V7H4c-.55 0-1 .45-1 1s.45 1 1 1h14v1.79c0 .45.54.67.85.35l2.79-2.79c.2-.19.2-.51.01-.7zM2.35 16.35l2.79 2.79c.32.32.86.1.86-.35V17h14c.55 0 1-.45 1-1s-.45-1-1-1H6v-1.79c0-.45-.54-.67-.85-.35l-2.79 2.79c-.2.19-.2.51-.01.7z\\">
              </path>
            </svg>
          </td>
          <td class=\\"MuiTableCell-root MuiTableCell-body cell-result\\"
              style=\\"text-align: center; background-color: rgb(129, 199, 132);\\"
          >
            <svg class=\\"MuiSvgIcon-root\\"
                 focusable=\\"false\\"
                 viewbox=\\"0 0 24 24\\"
                 aria-hidden=\\"true\\"
                 data-icon=\\"ArrowUpwardRoundedIcon\\"
                 style=\\"stroke: green; stroke-width: 3; color: green;\\"
            >
              <path d=\\"M13 19V7.83l4.88 4.88c.39.39 1.03.39 1.42 0 .39-.39.39-1.02 0-1.41l-6.59-6.59a.9959.9959 0 00-1.41 0l-6.6 6.58c-.39.39-.39 1.02 0 1.41.39.39 1.02.39 1.41 0L11 7.83V19c0 .55.45 1 1 1s1-.45 1-1z\\">
              </path>
            </svg>
          </td>
          <td class=\\"MuiTableCell-root MuiTableCell-body cell-result\\"
              style=\\"text-align: center; background-color: rgb(129, 199, 132);\\"
          >
            <svg class=\\"MuiSvgIcon-root\\"
                 focusable=\\"false\\"
                 viewbox=\\"0 0 24 24\\"
                 aria-hidden=\\"true\\"
                 data-icon=\\"ArrowUpwardRoundedIcon\\"
                 style=\\"stroke: green; stroke-width: 3; color: green;\\"
            >
              <path d=\\"M13 19V7.83l4.88 4.88c.39.39 1.03.39 1.42 0 .39-.39.39-1.02 0-1.41l-6.59-6.59a.9959.9959 0 00-1.41 0l-6.6 6.58c-.39.39-.39 1.02 0 1.41.39.39 1.02.39 1.41 0L11 7.83V19c0 .55.45 1 1 1s1-.45 1-1z\\">
              </path>
            </svg>
          </td>
          <td class=\\"MuiTableCell-root MuiTableCell-body cell-result\\"
              style=\\"text-align: center; background-color: rgb(132, 199, 131);\\"
          >
            <svg class=\\"MuiSvgIcon-root\\"
                 focusable=\\"false\\"
                 viewbox=\\"0 0 24 24\\"
                 aria-hidden=\\"true\\"
                 data-icon=\\"ArrowUpwardRoundedIcon\\"
                 style=\\"stroke: green; stroke-width: 3; color: green;\\"
            >
              <path d=\\"M13 19V7.83l4.88 4.88c.39.39 1.03.39 1.42 0 .39-.39.39-1.02 0-1.41l-6.59-6.59a.9959.9959 0 00-1.41 0l-6.6 6.58c-.39.39-.39 1.02 0 1.41.39.39 1.02.39 1.41 0L11 7.83V19c0 .55.45 1 1 1s1-.45 1-1z\\">
              </path>
            </svg>
          </td>
          <td class=\\"MuiTableCell-root MuiTableCell-body cell-result\\"
              style=\\"text-align: center; background-color: rgb(129, 199, 132);\\"
          >
            <svg class=\\"MuiSvgIcon-root\\"
                 focusable=\\"false\\"
                 viewbox=\\"0 0 24 24\\"
                 aria-hidden=\\"true\\"
                 data-icon=\\"SyncAltRoundedIcon\\"
                 style=\\"color: grey;\\"
            >
              <path d=\\"M21.65 7.65l-2.79-2.79c-.32-.32-.86-.1-.86.35V7H4c-.55 0-1 .45-1 1s.45 1 1 1h14v1.79c0 .45.54.67.85.35l2.79-2.79c.2-.19.2-.51.01-.7zM2.35 16.35l2.79 2.79c.32.32.86.1.86-.35V17h14c.55 0 1-.45 1-1s-.45-1-1-1H6v-1.79c0-.45-.54-.67-.85-.35l-2.79 2.79c-.2.19-.2.51-.01.7z\\">
              </path>
            </svg>
          </td>
        </tr>
        <tr class=\\"MuiTableRow-root\\">
          <td class=\\"MuiTableCell-root MuiTableCell-body cell-name\\">
            <p class=\\"MuiTypography-root cell-name MuiTypography-body1\\"
               title=\\"[sig-api-machinery] Kubernetes APIs remain available with reused connections\\"
            >
              <a href=\\"/tests/4.8?filters=('items![('id!99~columnField!'name'~operatorValue!'equals'~value!'[sig-api-machinery] Kubernetes APIs remain available with reused connections')])_\\">
                [sig-api-machinery] Kubernetes APIs remain available with reused connections
              </a>
            </p>
          </td>
          <td class=\\"MuiTableCell-root MuiTableCell-body cell-result\\"
              style=\\"text-align: center; background-color: rgb(129, 199, 132);\\"
          >
            <svg class=\\"MuiSvgIcon-root\\"
                 focusable=\\"false\\"
                 viewbox=\\"0 0 24 24\\"
                 aria-hidden=\\"true\\"
                 data-icon=\\"SyncAltRoundedIcon\\"
                 style=\\"color: grey;\\"
            >
              <path d=\\"M21.65 7.65l-2.79-2.79c-.32-.32-.86-.1-.86.35V7H4c-.55 0-1 .45-1 1s.45 1 1 1h14v1.79c0 .45.54.67.85.35l2.79-2.79c.2-.19.2-.51.01-.7zM2.35 16.35l2.79 2.79c.32.32.86.1.86-.35V17h14c.55 0 1-.45 1-1s-.45-1-1-1H6v-1.79c0-.45-.54-.67-.85-.35l-2.79 2.79c-.2.19-.2.51-.01.7z\\">
              </path>
            </svg>
          </td>
          <td class=\\"MuiTableCell-root MuiTableCell-body cell-result\\"
              style=\\"text-align: center; background-color: rgb(129, 199, 132);\\"
          >
            <svg class=\\"MuiSvgIcon-root\\"
                 focusable=\\"false\\"
                 viewbox=\\"0 0 24 24\\"
                 aria-hidden=\\"true\\"
                 data-icon=\\"ArrowUpwardRoundedIcon\\"
                 style=\\"stroke: green; stroke-width: 3; color: green;\\"
            >
              <path d=\\"M13 19V7.83l4.88 4.88c.39.39 1.03.39 1.42 0 .39-.39.39-1.02 0-1.41l-6.59-6.59a.9959.9959 0 00-1.41 0l-6.6 6.58c-.39.39-.39 1.02 0 1.41.39.39 1.02.39 1.41 0L11 7.83V19c0 .55.45 1 1 1s1-.45 1-1z\\">
              </path>
            </svg>
          </td>
          <td class=\\"MuiTableCell-root MuiTableCell-body cell-result\\"
              style=\\"text-align: center; background-color: rgb(129, 199, 132);\\"
          >
            <svg class=\\"MuiSvgIcon-root\\"
                 focusable=\\"false\\"
                 viewbox=\\"0 0 24 24\\"
                 aria-hidden=\\"true\\"
                 data-icon=\\"ArrowUpwardRoundedIcon\\"
                 style=\\"stroke: green; stroke-width: 3; color: green;\\"
            >
              <path d=\\"M13 19V7.83l4.88 4.88c.39.39 1.03.39 1.42 0 .39-.39.39-1.02 0-1.41l-6.59-6.59a.9959.9959 0 00-1.41 0l-6.6 6.58c-.39.39-.39 1.02 0 1.41.39.39 1.02.39 1.41 0L11 7.83V19c0 .55.45 1 1 1s1-.45 1-1z\\">
              </path>
            </svg>
          </td>
          <td class=\\"MuiTableCell-root MuiTableCell-body cell-result\\"
              style=\\"text-align: center; background-color: rgb(143, 197, 126);\\"
          >
            <svg class=\\"MuiSvgIcon-root\\"
                 focusable=\\"false\\"
                 viewbox=\\"0 0 24 24\\"
                 aria-hidden=\\"true\\"
                 data-icon=\\"ArrowUpwardRoundedIcon\\"
                 style=\\"stroke: green; stroke-width: 3; color: green;\\"
            >
              <path d=\\"M13 19V7.83l4.88 4.88c.39.39 1.03.39 1.42 0 .39-.39.39-1.02 0-1.41l-6.59-6.59a.9959.9959 0 00-1.41 0l-6.6 6.58c-.39.39-.39 1.02 0 1.41.39.39 1.02.39 1.41 0L11 7.83V19c0 .55.45 1 1 1s1-.45 1-1z\\">
              </path>
            </svg>
          </td>
          <td class=\\"MuiTableCell-root MuiTableCell-body cell-result\\"
              style=\\"text-align: center; background-color: rgb(129, 199, 132);\\"
          >
            <svg class=\\"MuiSvgIcon-root\\"
                 focusable=\\"false\\"
                 viewbox=\\"0 0 24 24\\"
                 aria-hidden=\\"true\\"
                 data-icon=\\"SyncAltRoundedIcon\\"
                 style=\\"color: grey;\\"
            >
              <path d=\\"M21.65 7.65l-2.79-2.79c-.32-.32-.86-.1-.86.35V7H4c-.55 0-1 .45-1 1s.45 1 1 1h14v1.79c0 .45.54.67.85.35l2.79-2.79c.2-.19.2-.51.01-.7zM2.35 16.35l2.79 2.79c.32.32.86.1.86-.35V17h14c.55 0 1-.45 1-1s-.45-1-1-1H6v-1.79c0-.45-.54-.67-.85-.35l-2.79 2.79c-.2.19-.2.51-.01.7z\\">
              </path>
            </svg>
          </td>
          <td class=\\"MuiTableCell-root MuiTableCell-body cell-result\\"
              style=\\"text-align: center; background-color: rgb(129, 199, 132);\\"
          >
            <svg class=\\"MuiSvgIcon-root\\"
                 focusable=\\"false\\"
                 viewbox=\\"0 0 24 24\\"
                 aria-hidden=\\"true\\"
                 data-icon=\\"SyncAltRoundedIcon\\"
                 style=\\"color: grey;\\"
            >
              <path d=\\"M21.65 7.65l-2.79-2.79c-.32-.32-.86-.1-.86.35V7H4c-.55 0-1 .45-1 1s.45 1 1 1h14v1.79c0 .45.54.67.85.35l2.79-2.79c.2-.19.2-.51.01-.7zM2.35 16.35l2.79 2.79c.32.32.86.1.86-.35V17h14c.55 0 1-.45 1-1s-.45-1-1-1H6v-1.79c0-.45-.54-.67-.85-.35l-2.79 2.79c-.2.19-.2.51-.01.7z\\">
              </path>
            </svg>
          </td>
          <td class=\\"MuiTableCell-root MuiTableCell-body cell-result\\"
              style=\\"text-align: center; background-color: rgb(129, 199, 132);\\"
          >
            <svg class=\\"MuiSvgIcon-root\\"
                 focusable=\\"false\\"
                 viewbox=\\"0 0 24 24\\"
                 aria-hidden=\\"true\\"
                 data-icon=\\"SyncAltRoundedIcon\\"
                 style=\\"color: grey;\\"
            >
              <path d=\\"M21.65 7.65l-2.79-2.79c-.32-.32-.86-.1-.86.35V7H4c-.55 0-1 .45-1 1s.45 1 1 1h14v1.79c0 .45.54.67.85.35l2.79-2.79c.2-.19.2-.51.01-.7zM2.35 16.35l2.79 2.79c.32.32.86.1.86-.35V17h14c.55 0 1-.45 1-1s-.45-1-1-1H6v-1.79c0-.45-.54-.67-.85-.35l-2.79 2.79c-.2.19-.2.51-.01.7z\\">
              </path>
            </svg>
          </td>
          <td class=\\"MuiTableCell-root MuiTableCell-body cell-result\\"
              style=\\"text-align: center; background-color: rgb(129, 199, 132);\\"
          >
            <svg class=\\"MuiSvgIcon-root\\"
                 focusable=\\"false\\"
                 viewbox=\\"0 0 24 24\\"
                 aria-hidden=\\"true\\"
                 data-icon=\\"ArrowUpwardRoundedIcon\\"
                 style=\\"stroke: green; stroke-width: 3; color: green;\\"
            >
              <path d=\\"M13 19V7.83l4.88 4.88c.39.39 1.03.39 1.42 0 .39-.39.39-1.02 0-1.41l-6.59-6.59a.9959.9959 0 00-1.41 0l-6.6 6.58c-.39.39-.39 1.02 0 1.41.39.39 1.02.39 1.41 0L11 7.83V19c0 .55.45 1 1 1s1-.45 1-1z\\">
              </path>
            </svg>
          </td>
          <td class=\\"MuiTableCell-root MuiTableCell-body cell-result\\"
              style=\\"text-align: center; background-color: rgb(129, 199, 132);\\"
          >
            <svg class=\\"MuiSvgIcon-root\\"
                 focusable=\\"false\\"
                 viewbox=\\"0 0 24 24\\"
                 aria-hidden=\\"true\\"
                 data-icon=\\"ArrowUpwardRoundedIcon\\"
                 style=\\"stroke: green; stroke-width: 3; color: green;\\"
            >
              <path d=\\"M13 19V7.83l4.88 4.88c.39.39 1.03.39 1.42 0 .39-.39.39-1.02 0-1.41l-6.59-6.59a.9959.9959 0 00-1.41 0l-6.6 6.58c-.39.39-.39 1.02 0 1.41.39.39 1.02.39 1.41 0L11 7.83V19c0 .55.45 1 1 1s1-.45 1-1z\\">
              </path>
            </svg>
          </td>
          <td class=\\"MuiTableCell-root MuiTableCell-body cell-result\\"
              style=\\"text-align: center; background-color: rgb(132, 199, 131);\\"
          >
            <svg class=\\"MuiSvgIcon-root\\"
                 focusable=\\"false\\"
                 viewbox=\\"0 0 24 24\\"
                 aria-hidden=\\"true\\"
                 data-icon=\\"ArrowUpwardRoundedIcon\\"
                 style=\\"stroke: green; stroke-width: 3; color: green;\\"
            >
              <path d=\\"M13 19V7.83l4.88 4.88c.39.39 1.03.39 1.42 0 .39-.39.39-1.02 0-1.41l-6.59-6.59a.9959.9959 0 00-1.41 0l-6.6 6.58c-.39.39-.39 1.02 0 1.41.39.39 1.02.39 1.41 0L11 7.83V19c0 .55.45 1 1 1s1-.45 1-1z\\">
              </path>
            </svg>
          </td>
          <td class=\\"MuiTableCell-root MuiTableCell-body cell-result\\"
              style=\\"text-align: center; background-color: rgb(129, 199, 132);\\"
          >
            <svg class=\\"MuiSvgIcon-root\\"
                 focusable=\\"false\\"
                 viewbox=\\"0 0 24 24\\"
                 aria-hidden=\\"true\\"
                 data-icon=\\"SyncAltRoundedIcon\\"
                 style=\\"color: grey;\\"
            >
              <path d=\\"M21.65 7.65l-2.79-2.79c-.32-.32-.86-.1-.86.35V7H4c-.55 0-1 .45-1 1s.45 1 1 1h14v1.79c0 .45.54.67.85.35l2.79-2.79c.2-.19.2-.51.01-.7zM2.35 16.35l2.79 2.79c.32.32.86.1.86-.35V17h14c.55 0 1-.45 1-1s-.45-1-1-1H6v-1.79c0-.45-.54-.67-.85-.35l-2.79 2.79c-.2.19-.2.51-.01.7z\\">
              </path>
            </svg>
          </td>
        </tr>
      </tbody>
    </table>
  </div>
</div>
)
"
`;
